[debug] [2025-08-16T14:19:41.783Z] ----------------------------------------------------------------------
[debug] [2025-08-16T14:19:41.787Z] Command:       /Users/piratixy/.nvm/versions/node/v22.18.0/bin/node /Users/piratixy/.npm-global/bin/firebase init
[debug] [2025-08-16T14:19:41.787Z] CLI Version:   14.12.1
[debug] [2025-08-16T14:19:41.788Z] Platform:      darwin
[debug] [2025-08-16T14:19:41.788Z] Node Version:  v22.18.0
[debug] [2025-08-16T14:19:41.788Z] Time:          Sat Aug 16 2025 18:19:41 GMT+0400 (Gulf Standard Time)
[debug] [2025-08-16T14:19:41.788Z] ----------------------------------------------------------------------
[debug] 
[debug] [2025-08-16T14:19:41.796Z] > command requires scopes: ["email","openid","https://www.googleapis.com/auth/cloudplatformprojects.readonly","https://www.googleapis.com/auth/firebase","https://www.googleapis.com/auth/cloud-platform"]
[debug] [2025-08-16T14:19:41.797Z] > authorizing via signed-in user (piratixydeveloper@gmail.com)
[info] 
     ######## #### ########  ######## ########     ###     ######  ########
     ##        ##  ##     ## ##       ##     ##  ##   ##  ##       ##
     ######    ##  ########  ######   ########  #########  ######  ######
     ##        ##  ##    ##  ##       ##     ## ##     ##       ## ##
     ##       #### ##     ## ######## ########  ##     ##  ######  ########

You're about to initialize a Firebase project in this directory:

  /Users/piratixy/farmhub-client

[info] 
=== Project Setup
[info] 
[info] First, let's associate this project directory with a Firebase project.
[info] You can create multiple project aliases by running firebase use --add, 
[info] but for now we'll just set up a default project.
[info] 
[debug] [2025-08-16T14:24:27.527Z] Checked if tokens are valid: true, expires at: 1755357561963
[debug] [2025-08-16T14:24:27.527Z] Checked if tokens are valid: true, expires at: 1755357561963
[debug] [2025-08-16T14:24:27.529Z] >>> [apiv2][query] GET https://firebase.googleapis.com/v1beta1/projects pageSize=100
[debug] [2025-08-16T14:24:28.231Z] <<< [apiv2][status] GET https://firebase.googleapis.com/v1beta1/projects 200
[debug] [2025-08-16T14:24:28.232Z] <<< [apiv2][body] GET https://firebase.googleapis.com/v1beta1/projects [omitted]
[info] i  Using project farmhub-dashboard (FarmHub-Dashboard) 
[info] 
=== Hosting Setup
[debug] [2025-08-16T14:24:31.222Z] Checked if tokens are valid: true, expires at: 1755357561963
[debug] [2025-08-16T14:24:31.223Z] Checked if tokens are valid: true, expires at: 1755357561963
[debug] [2025-08-16T14:24:31.223Z] >>> [apiv2][query] GET https://firebase.googleapis.com/v1beta1/projects/farmhub-dashboard [none]
[debug] [2025-08-16T14:24:31.537Z] <<< [apiv2][status] GET https://firebase.googleapis.com/v1beta1/projects/farmhub-dashboard 200
[debug] [2025-08-16T14:24:31.537Z] <<< [apiv2][body] GET https://firebase.googleapis.com/v1beta1/projects/farmhub-dashboard {"projectId":"farmhub-dashboard","projectNumber":"531734009895","displayName":"FarmHub-Dashboard","name":"projects/farmhub-dashboard","resources":{"hostingSite":"farmhub-dashboard"},"state":"ACTIVE","etag":"1_d4b98b4b-ab81-4d70-9e8c-718ae70af55a"}
[info] 
[info] Your public directory is the folder (relative to your project directory) that
[info] will contain Hosting assets to be uploaded with firebase deploy. If you
[info] have a build process for your assets, use your build's output directory.
[info] 
[info] ✔  Wrote ./404.html 
[debug] [2025-08-16T14:25:12.782Z] >>> [apiv2][query] GET https://www.gstatic.com/firebasejs/releases.json [none]
[debug] [2025-08-16T14:25:12.969Z] <<< [apiv2][status] GET https://www.gstatic.com/firebasejs/releases.json 200
[debug] [2025-08-16T14:25:12.970Z] <<< [apiv2][body] GET https://www.gstatic.com/firebasejs/releases.json {"current":{"version":"12.1.0","browserURL":"https://www.gstatic.com/firebasejs/12.1.0/firebase.js","packageURL":"https://www.gstatic.com/firebasejs/12.1.0/firebase.tgz"},"live":{"version":"12.1","browserURL":"https://www.gstatic.com/firebasejs/live/12.1/firebase.js","packageURL":"https://www.gstatic.com/firebasejs/live/12.1/firebase.tgz"},"components":{"ai":"https://www.gstatic.com/firebasejs/12.1.0/firebase-ai.js","analytics":"https://www.gstatic.com/firebasejs/12.1.0/firebase-analytics.js","app":"https://www.gstatic.com/firebasejs/12.1.0/firebase-app.js","app-check":"https://www.gstatic.com/firebasejs/12.1.0/firebase-app-check.js","auth":"https://www.gstatic.com/firebasejs/12.1.0/firebase-auth.js","auth/cordova":"https://www.gstatic.com/firebasejs/12.1.0/firebase-auth/cordova.js","auth/web-extension":"https://www.gstatic.com/firebasejs/12.1.0/firebase-auth/web-extension.js","functions":"https://www.gstatic.com/firebasejs/12.1.0/firebase-functions.js","firestore":"https://www.gstatic.com/firebasejs/12.1.0/firebase-firestore.js","firestore/lite":"https://www.gstatic.com/firebasejs/12.1.0/firebase-firestore/lite.js","installations":"https://www.gstatic.com/firebasejs/12.1.0/firebase-installations.js","storage":"https://www.gstatic.com/firebasejs/12.1.0/firebase-storage.js","performance":"https://www.gstatic.com/firebasejs/12.1.0/firebase-performance.js","remote-config":"https://www.gstatic.com/firebasejs/12.1.0/firebase-remote-config.js","messaging":"https://www.gstatic.com/firebasejs/12.1.0/firebase-messaging.js","messaging/sw":"https://www.gstatic.com/firebasejs/12.1.0/firebase-messaging/sw.js","database":"https://www.gstatic.com/firebasejs/12.1.0/firebase-database.js","data-connect":"https://www.gstatic.com/firebasejs/12.1.0/firebase-data-connect.js","firestore.memory":"https://www.gstatic.com/firebasejs/12.1.0/firebase-firestore.memory.js"}}
[info] ✔  Wrote ./index.html 
[info] 
[info] i  Detected a .git folder at /Users/piratixy/farmhub-client 
[info] i  Authorizing with GitHub to upload your service account to a GitHub repository's secrets store. 
[info] 
[info] Visit this URL on this device to log in:
[info] https://github.com/login/oauth/authorize?client_id=89cf50f02ac6aaed3484&state=86806121&redirect_uri=http%3A%2F%2Flocalhost%3A9005&scope=read%3Auser%20repo%20public_repo
[info] 
[info] Waiting for authentication...
[debug] [2025-08-16T14:25:31.503Z] >>> [apiv2][query] POST https://github.com/login/oauth/access_token [none]
[debug] [2025-08-16T14:25:31.504Z] >>> [apiv2][body] POST https://github.com/login/oauth/access_token [stream]
[debug] [2025-08-16T14:25:31.861Z] <<< [apiv2][status] POST https://github.com/login/oauth/access_token 200
[debug] [2025-08-16T14:25:31.861Z] <<< [apiv2][body] POST https://github.com/login/oauth/access_token {"access_token":"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","token_type":"bearer","scope":"read:user,repo"}
[debug] [2025-08-16T14:25:31.863Z] >>> [apiv2][query] GET https://api.github.com/user [none]
[debug] [2025-08-16T14:25:32.246Z] <<< [apiv2][status] GET https://api.github.com/user 200
[debug] [2025-08-16T14:25:32.246Z] <<< [apiv2][body] GET https://api.github.com/user {"login":"Piraticy","id":116713318,"node_id":"U_kgDOBvTnZg","avatar_url":"https://avatars.githubusercontent.com/u/116713318?v=4","gravatar_id":"","url":"https://api.github.com/users/Piraticy","html_url":"https://github.com/Piraticy","followers_url":"https://api.github.com/users/Piraticy/followers","following_url":"https://api.github.com/users/Piraticy/following{/other_user}","gists_url":"https://api.github.com/users/Piraticy/gists{/gist_id}","starred_url":"https://api.github.com/users/Piraticy/starred{/owner}{/repo}","subscriptions_url":"https://api.github.com/users/Piraticy/subscriptions","organizations_url":"https://api.github.com/users/Piraticy/orgs","repos_url":"https://api.github.com/users/Piraticy/repos","events_url":"https://api.github.com/users/Piraticy/events{/privacy}","received_events_url":"https://api.github.com/users/Piraticy/received_events","type":"User","user_view_type":"private","site_admin":false,"name":"Piraticy","company":null,"blog":"","location":null,"email":null,"hireable":null,"bio":null,"twitter_username":"piraticy","notification_email":null,"public_repos":13,"public_gists":0,"followers":1,"following":3,"created_at":"2022-10-26T08:00:13Z","updated_at":"2025-07-27T17:54:35Z","private_gists":0,"total_private_repos":7,"owned_private_repos":7,"disk_usage":87145,"collaborators":0,"two_factor_authentication":false,"plan":{"name":"free","space":976562499,"collaborators":0,"private_repos":10000}}
[info] 
[info] ✔  Success! Logged into GitHub as Piraticy 
[info] 
